// Jest Snapshot v1, https://goo.gl/fbAQLP

exports[`<GoogleSignIn>  1`] = `
<View
  accessible={true}
  collapsable={false}
  focusable={true}
  onBlur={[Function]}
  onClick={[Function]}
  onFocus={[Function]}
  onResponderGrant={[Function]}
  onResponderMove={[Function]}
  onResponderRelease={[Function]}
  onResponderTerminate={[Function]}
  onResponderTerminationRequest={[Function]}
  onStartShouldSetResponder={[Function]}
>
  <Image
    source={1}
    style={
      Object {
        "height": 38,
        "width": 180,
      }
    }
  />
</View>
`;
